// Vitest Snapshot v1, https://vitest.dev/guide/snapshot.html

exports[`ManifoldConstants > matches snapshot 1`] = `
{
  "ANIMATION_DYNAMICS": {
    "cardFastVisualEnvelope": 7.6,
    "exitEnvelope": 4.4,
    "expandedEnvelope": 7.2,
    "expandedMotionQuenchMs": 220,
    "expandedMotionReverseVelocityScale": 0.14,
    "expandedMotionScrollLerp": 0.12,
    "expandedMotionSustainScrollLerp": 0.18,
    "expandedMotionSustainVelocityScale": 0.28,
    "expandedMotionVelocityScale": 0.12,
    "expandedOpenImmediateVelocityScale": 0.08,
    "fpsFallLerp": 0.1,
    "fpsRiseLerp": 0.22,
    "frameTimeBurstDecayLerp": 0.04,
    "frameTimeEmaLerp": 0.12,
    "fullRateSamplingMs": 220,
    "hudFocusHoldMs": 100,
    "hudRefreshMs": 100,
    "hyperspaceMorph": 3.15,
    "introEnvelope": 5.8,
    "lateralPanBase": 5.4,
    "lateralPanFast": 7.2,
    "manifoldMode2D": 5.2,
    "manifoldMode4D": 4.8,
    "particleFallLerp": 0.014,
    "particleRiseLerp": 0.025,
    "performanceModeDebounceMs": 280,
    "perspectiveFar": 2600,
    "perspectiveNear": 1000,
    "reverseCardPrewarmOpacityFloor": 0.016,
    "reverseExpandImmediateVelocityScale": 0.05,
    "reverseExpandedMotionQuenchMs": 320,
    "sectionFrameEnvelope": 10.5,
    "sectionFrameVisualEnvelope": 8.4,
    "topbarFallLerp": 0.09,
    "topbarRiseLerp": 0.22,
    "velocitySmoothingLerp": 0.05,
    "zenPointerReturnLerp": 0.14,
  },
  "AUDIO_REACTIVE": {
    "baseOffset": 3.2,
    "chromaFallLerp": 0.14,
    "chromaRiseLerp": 0.34,
    "scrollHeavyBaseOffset": 2,
    "scrollHeavyStrengthMultiplier": 10,
    "shiftFallLerp": 0.18,
    "shiftRiseLerp": 0.36,
    "strengthMultiplier": 22,
    "waveFrequency": 0.018,
    "waveVariancePhase": 7.4,
  },
  "CARD_MOTION": {
    "ambientLiftAmplitude": 5.4,
    "ambientLiftFrequencyBase": 0.82,
    "ambientLiftFrequencyVariance": 0.26,
    "ambientLiftPhaseVariance": 6,
    "inertiaRotXResponse": 0.22,
    "inertiaRotYResponse": 0.28,
    "inertiaRotZResponse": 0.32,
    "inertiaVelocityBase": 18,
    "inertiaVelocityClamp": 120,
    "inertiaVelocityVariance": 10,
    "inertiaYResponse": 0.58,
    "inertiaZResponse": 0.28,
    "introFloatAmplitude": 10,
    "introFloatTimeScalar": 0.0012,
    "introShiftZ": 18,
    "rotXClamp": 5.2,
    "rotXVelocityScalar": -0.14,
    "rotXWaveAmplitude": 0.35,
    "rotXWaveFrequency": 0.7,
    "rotXWavePhaseVariance": 4,
    "rotYMouseBase": 0.16,
    "rotYMouseVariance": 0.12,
    "rotYWaveAmplitude": 7.5,
    "rotYWaveFrequency": 0.9,
    "rotYWavePhaseVariance": 9,
    "rotZWaveAmplitude": 0.16,
    "rotZWaveFrequency": 1,
    "rotZWavePhaseVariance": 8,
  },
  "INTERACTION_SENSITIVITY": {
    "clickTravelThreshold": 14,
    "fastTwoDVelocity": 0.24,
    "horizontalIntentRatio": 0.55,
    "horizontalIntentThreshold": 10,
    "hoverFallbackInset": 42,
    "hoverRetentionInset": 18,
    "idleHintDelayMs": 5000,
    "idleVelocityFloor": 0.04,
    "stackedMobileHorizontalBlock": 10,
  },
  "LAYOUT_GRID": {
    "compactCardHeight": 460,
    "compactCardWidth": 320,
    "desktopColumns": 3,
    "desktopGridScale": 1.12,
    "expandedDesktopViewportHeight": 0.74,
    "expandedDesktopViewportWidth": 0.78,
    "expandedMobileViewportHeight": 0.78,
    "expandedMobileViewportWidth": 0.9,
    "mobileColumns": 2,
    "mobileGridScale": 1.08,
    "stackedColumns": 1,
    "stackedGridScale": 1.02,
    "stackedPortraitRatio": 1.08,
  },
  "PERFORMANCE_THRESHOLDS": {
    "fastModeViewThreshold": 0.55,
    "fastVelocityFloor": 0.24,
    "frameStressBurstMultiplier": 1.9,
    "frameStressEmaMultiplier": 1.16,
  },
  "SPATIAL_TOPOLOGY": {
    "entryGridLift": 18,
    "featuredDockZ": -220,
    "featuredIntroRotZ": -12.5,
    "featuredIntroScale": 1.115,
    "featuredIntroTiltX": -2.8,
    "featuredIntroX": -62,
    "featuredIntroY": 60,
    "featuredIntroZ": -248,
    "fourDSourceFadeOffset": 0.08,
    "fourDSourceFadeSpan": 0.24,
    "fourDSourceRestoreOffset": 0.05,
    "fourDSourceRestoreSpan": 0.34,
    "overlayGeometryOffset": 0.14,
    "overlayGeometrySpan": 0.72,
    "overlayPresenceOffset": 0.06,
    "overlayPresenceSpan": 0.8,
    "reverseCardPrewarmRearLimit": 960,
    "sectionRepulsionRadius": 760,
    "sectionRepulsionStrength": 52,
    "wireframePresenceOffset": 0.18,
    "wireframePresenceSpan": 0.7,
  },
  "TESSERACT_PHYSICS": {
    "depthNear": -0.9,
    "depthSpan": 1.8,
    "determinantEpsilon": 0.000001,
    "diagonalCullFloor": 24,
    "faceCardExtent": 220,
    "faceZIndexBase": 20,
    "hyperSpinScalar": 2.1,
    "screenScaleFactor": 1.8,
    "wLensFloor": 0.72,
    "wLensOrigin": 2.9,
    "xySpinScalar": 0.16,
    "xyTimeScalar": 0.00006,
    "yzSpinScalar": 0.58,
    "yzTimeScalar": 0.00018,
    "zLensFloor": 0.72,
    "zLensOrigin": 3.8,
    "zwSpinScalar": 0.34,
    "zwTimeScalar": 0.00012,
  },
}
`;
